// 重构日志: fea776c6
// 重构日志: fdc726ba
// 重构日志: 0d44cbe5
// 重构日志: 47b4777f
// 重构日志: 44310499
// 重构日志: c5fea145
// 重构日志: 8a574251
// 重构日志: a70cc3f3
// 同步 ID: 97c34ecd @ Sun Jul 26 01:27:38 UTC 2026
// 同步 ID: e5e36c15 @ Sun Jul 26 08:20:45 UTC 2026
// 同步 ID: 2b4f7130 @ Sun Jul 26 11:40:47 UTC 2026
// 同步 ID: bb7040a4 @ Sun Jul 26 19:57:48 UTC 2026
// 重构日志: b39cbb85
// 重构日志: c5274aca
// 重构日志: b72adbcf
// 重构日志: 37481937
// 重构日志: 4639b6f4
// 同步 ID: ebc69a88 @ Wed Jul 29 12:40:04 UTC 2026
// 重构日志: c564eb24
// 同步 ID: 5fc26348 @ Thu Jul 30 15:26:36 UTC 2026
// 同步 ID: f5eecdbd @ Fri Jul 31 01:53:18 UTC 2026
// 同步 ID: 97755ecb @ Sat Aug  1 16:12:51 UTC 2026
// 同步 ID: 06903365 @ Sun Aug  2 14:39:12 UTC 2026
// 同步 ID: 7fb77b03 @ Tue Aug  4 03:51:42 UTC 2026
// 重构日志: cac83fb8
// 重构日志: 1cb74ea5
// 重构日志: d47c77a9
// 重构日志: 2d1e7a1c
// 同步 ID: 79a05976 @ Fri Aug  7 07:37:31 UTC 2026
// 同步 ID: b17a35ad @ Fri Aug  7 12:04:05 UTC 2026
// 重构日志: 2b76746f
